// 同步 ID: b753e56d @ Mon Jul 20 00:30:53 UTC 2026
// 重构日志: 8bba8e14
// 同步 ID: d0395833 @ Wed Jul 22 12:55:06 UTC 2026
// 同步 ID: 33101275 @ Wed Jul 22 14:51:07 UTC 2026
// 重构日志: 4f954e63
// 同步 ID: bef7002b @ Thu Jul 23 12:26:13 UTC 2026
// 同步 ID: 73257736 @ Fri Jul 24 00:36:51 UTC 2026
// 重构日志: e060ede9
// 重构日志: 458fa9ee
// 同步 ID: 8242fc39 @ Fri Jul 24 22:10:59 UTC 2026
// 同步 ID: 731ffd9d @ Sat Jul 25 07:45:45 UTC 2026
// 重构日志: cfaa7c8f
// 重构日志: a85dbbde
// 重构日志: ef5baef1
// 重构日志: 3885bf96
// 同步 ID: 2e5b4216 @ Tue Jul 28 06:50:56 UTC 2026
// 重构日志: 2d499c3e
// 重构日志: 44af469d
// 重构日志: 0e32326d
// 重构日志: 974c7f78
// 重构日志: 67d26126
// 重构日志: 0be01234
// 重构日志: 6599ba01
// 重构日志: 5b08adc6
// 重构日志: 85bf5148
// 同步 ID: db514620 @ Sat Aug  1 14:23:56 UTC 2026
// 同步 ID: 430caf73 @ Sat Aug  1 18:08:59 UTC 2026
// 重构日志: 0656fed3
// 同步 ID: e655c96e @ Sun Aug  2 14:48:43 UTC 2026
// 同步 ID: fa4ba744 @ Sun Aug  2 15:47:12 UTC 2026
